<html>
<body>
<pre>
<h1>µVision Build Log</h1>
<h2>Tool Versions:</h2>
IDE-Version: ¦ÌVision V5.17.0.0
Copyright (C) 2015 ARM Ltd and ARM Germany GmbH. All rights reserved.
License Information: cc cay1981@outlook.com, cc, LIC=WHYKP-MB3TE-56HQ2-97CI1-3GT9G-RD77X
 
Tool Versions:
Toolchain:       MDK-ARM Standard  Version: 5.17
Toolchain Path:  C:\Program Files\Keil_v5\ARM\ARMCC\Bin
C Compiler:      Armcc.exe V5.06 update 1 (build 61)
Assembler:       Armasm.exe V5.06 update 1 (build 61)
Linker/Locator:  ArmLink.exe V5.06 update 1 (build 61)
Library Manager: ArmAr.exe V5.06 update 1 (build 61)
Hex Converter:   FromElf.exe V5.06 update 1 (build 61)
CPU DLL:         SARMCM3.DLL V5.17
Dialog DLL:      DCM.DLL V1.13.4.0
Target DLL:      Segger\JL2CM3.dll V2.99.16.0
Dialog DLL:      TCM.DLL V1.14.6.0
 
<h2>Project:</h2>
D:\BX\iCoreCode\arm\UART1_A9A10_DMA_20230507\MDK-ARM\UART1_A9A10_DMA_20230419.uvprojx
Project File Date:  05/07/2023

<h2>Output:</h2>
*** Using Compiler 'V5.06 update 1 (build 61)', folder: 'C:\Program Files\Keil_v5\ARM\ARMCC\Bin'
Build target 'UART1_A9A10_DMA_20230419'
assembling startup_stm32f407xx.s...
compiling tim.c...
compiling stm32f4xx_it.c...
../Src/stm32f4xx_it.c(312): warning:  #177-D: variable "fpgacnt" was declared but never referenced
  	static int syncnt = 0,gyhcnt = 0,gyfcnt = 0,fpgacnt = 0;
../Src/stm32f4xx_it.c: 1 warning, 0 errors
compiling fsmc.c...
compiling dma.c...
compiling gpio.c...
compiling usart.c...
compiling main.c...
../Src/main.c(763): warning:  #550-D: variable "crc" was set but never used
  		uint16_t crc,crcin;
../Src/main.c(763): warning:  #550-D: variable "crcin" was set but never used
  		uint16_t crc,crcin;
../Src/main.c: 2 warnings, 0 errors
compiling stm32f4xx_hal_msp.c...
compiling stm32f4xx_ll_fsmc.c...
compiling stm32f4xx_hal_flash_ramfunc.c...
compiling stm32f4xx_hal_flash_ex.c...
compiling stm32f4xx_hal_flash.c...
compiling stm32f4xx_hal_rcc_ex.c...
compiling stm32f4xx_hal_rcc.c...
compiling stm32f4xx_hal_gpio.c...
compiling stm32f4xx_hal_pwr.c...
compiling stm32f4xx_hal_pwr_ex.c...
compiling stm32f4xx_hal_dma.c...
compiling stm32f4xx_hal_dma_ex.c...
compiling stm32f4xx_hal.c...
compiling stm32f4xx_hal_cortex.c...
compiling stm32f4xx_hal_exti.c...
compiling system_stm32f4xx.c...
compiling stm32f4xx_hal_nor.c...
compiling stm32f4xx_hal_tim_ex.c...
compiling stm32f4xx_hal_uart.c...
compiling stm32f4xx_hal_tim.c...
linking...
Program Size: Code=14632 RO-data=456 RW-data=1852 ZI-data=4068  
FromELF: creating hex file...
"UART1_A9A10_DMA_20230419\UART1_A9A10_DMA_20230419.axf" - 0 Error(s), 3 Warning(s).

<h2>Software Packages used:</h2>

Package Vendor: ARM
                http://www.keil.com/pack/ARM.CMSIS.4.5.0.pack
                ARM::CMSIS:CORE:4.3.0
                CMSIS (Cortex Microcontroller Software Interface Standard)
   * Component: CORE Version: 4.3.0

<h2>Collection of Component include folders:</h2>
  D:\BX\iCoreCode\arm\UART1_A9A10_DMA_20230507\MDK-ARM\RTE
  C:\Program Files\Keil_v5\ARM\PACK\ARM\CMSIS\4.5.0\CMSIS\Include
  C:\Program Files\Keil_v5\ARM\PACK\Keil\STM32F4xx_DFP\2.6.0\Drivers\CMSIS\Device\ST\STM32F4xx\Include

<h2>Collection of Component Files used:</h2>

   * Component: ARM::CMSIS:CORE:4.3.0
Build Time Elapsed:  00:00:42
</pre>
</body>
</html>
